(Jesus) (Jesus) (Jesus) (Jesus) (Jesus) (Jesus) (int) 33
(Jesus) CreateVarStmt(light, LiteralExpr(Day))
CreateVarStmt(messiah, LiteralExpr(Jesus))
CreateVarStmt(age, LiteralExpr((int) 33))
CreateVarStmt(priest, LiteralExpr(me))
CreateVarStmt(average, LiteralExpr((double) 2.300000))
PrintStmt(SAY: VariableExpr(age))
(Jesus) Jesus
(Jesus) me
(Jesus) (int) 33
(Jesus) adult
(Jesus) (int) 2
(Jesus) (int) 9
(Jesus) (int) 34
(Jesus) (int) 37
(Jesus) (int) 69
(Jesus) (double) 22.000000
(Jesus) (logic) 1
(Jesus) (double) -1.000000
(Jesus) (double) -33.000000
(Jesus) (logic) 0
(Jesus) (logic) 0
(Jesus) (logic) 1
(Jesus) (double) -5.300000
(Jesus) (int) 33
(Jesus) (int) 7
(Jesus) (logic) 0
(Jesus) (int) 0
(Jesus) (int) 7
(Jesus) (int) 33
(Jesus) (int) 0
(Jesus) (int) 0
(Jesus) (int) 33
(Jesus) (int) 32
(Jesus) (int) 1
(Jesus) (Jesus) null
(Jesus) (int) 8
(Jesus) final
(Jesus) (int) 132
(Jesus) adult
(Jesus) (logic) 0
(Jesus) (logic) 1
(Jesus) (logic) 0
(Jesus) (logic) 1
(Jesus) (logic) 0
(Jesus) (logic) 1
(Jesus) (logic) 0
(Jesus) (logic) 0
(Jesus) (Jesus) ❌ Error: The variable 'age' already exists in this scope (__jesus__).
(Jesus) adult
(Jesus) (int) 2
(Jesus) (int) 9
(Jesus) (int) 34
(Jesus) (int) 37
(Jesus) (int) 69
(Jesus) (int) 99
(Jesus) (int) 0
(Jesus) (int) 32
(Jesus) (int) -32
(Jesus) (double) -1.000000
(Jesus) (double) 32.000000
(Jesus) (double) -1.000000
(Jesus) (int) 132
(Jesus) (double) 16.500000
(Jesus) (double) 11.000000
(Jesus) (double) 23.000000
(Jesus) (double) 22.000000
(Jesus) (logic) 1
(Jesus) (double) -1.000000
(Jesus) (double) -33.000000
(Jesus) (logic) 0
(Jesus) (logic) 0
(Jesus) (logic) 1
(Jesus) (double) -5.300000
(Jesus) (int) 33
(Jesus) (int) 7
(Jesus) (logic) 0
(Jesus) (int) 0
(Jesus) (int) 7
(Jesus) (int) 33
(Jesus) (int) 0
(Jesus) (int) 0
(Jesus) (int) 33
(Jesus) (int) 32
(Jesus) (int) 1
(Jesus) (int) 0
(Jesus) (int) 0
(Jesus) (int) 8
(Jesus) (int) 6
(Jesus) (int) 6
(Jesus) (int) 6
(Jesus) ❌ Error: The variable 'name' already exists in this scope (__jesus__).
(Jesus) null
(Jesus) (int) 8
(Jesus) final
(Jesus) (int) 132
(Jesus) adult
(Jesus) ❌ Error: Expected new type name after 'create with_no_type'
(Jesus) ❌ Error: Expected an integer value.
(Jesus) (Jesus) ❌ Error: Undefined variable: count (scope: __jesus__)
(Jesus) (int) 1
(Jesus) (Jesus) (int) 0
(Jesus) (Jesus) (double) 3.140000
(Jesus) (Jesus) (double) -6.000000
(Jesus) ❌ Error: Unknown base type: 'positive'
(Jesus) ❌ Error: Undefined variable: elders (scope: __jesus__)
(Jesus) ❌ Error: Unknown base type: 'positive'
(Jesus) ❌ Error: Undefined variable: sinful (scope: __jesus__)
(Jesus) ❌ Error: Unknown base type: 'negative'
(Jesus) ❌ Error: Undefined variable: debt (scope: __jesus__)
(Jesus) ❌ Error: Unknown base type: 'negative'
(Jesus) ❌ Error: Undefined variable: credit (scope: __jesus__)
(Jesus) ❌ Error: Unknown base type: 'negative'
(Jesus) ❌ Error: Undefined variable: void (scope: __jesus__)
(Jesus) (Jesus) (int) 7
(Jesus) ❌ Error: Expected value >= (double) 0.000000
(Jesus) ❌ Error: Undefined variable: darkness (scope: __jesus__)
(Jesus) (Jesus) (double) 0.333000
(Jesus) ❌ Error: Expected a number between 0 and 100.
(Jesus) ❌ Error: Undefined variable: fallen_wise (scope: __jesus__)
(Jesus) (Jesus) ❌ Error: Expected a number between 0 and 100.
(Jesus) (int) 100
(Jesus) (Jesus) 
(Jesus) (Jesus) Jesus
(Jesus) (Jesus) Sinful wise
(Jesus) ❌ Error: Invalid value '(int) 6' for variable 'confusion' declared as type phrase
(Jesus) ❌ Error: Undefined variable: confusion (scope: __jesus__)
(Jesus) (Jesus) God does not see
(Jesus) (Jesus) 
(Jesus) ❌ Error: Invalid value '(int) 13' for variable 'rebellion' declared as type text
(Jesus) ❌ Error: Undefined variable: rebellion (scope: __jesus__)
(Jesus) ❌ Error: Unknown base type: 'car'
(Jesus) ❌ Error: Undefined variable: hilux (scope: __jesus__)
(Jesus) (Jesus) (int) 490
(Jesus) (Jesus) Jesus loves YOU
(Jesus) ❌ Error: The variable 'age' already exists in this scope (__jesus__).
(Jesus) (Jesus) ❌ Error: Expected value > (double) 0.000000
(Jesus) ❌ Error: Undefined variable: abc (scope: __jesus__)
(Jesus) (Jesus) (int) 9
(Jesus) (Jesus) (Jesus) (double) -6.000000
(Jesus) ❌ Error: Variable 'debit' expects a 'Negative', but got: 'number'.
(Jesus) (Jesus) (Jesus) (int) 7
(Jesus) ❌ Error: Expected value >= (double) 7.000000
(Jesus) (Jesus) (Jesus) ❌ Error: Expected value <= (double) 12.000000
(Jesus) (int) 12
(Jesus) (Jesus) ❌ Error: Expected a string literal after 'matches', not a formatted string. (e.g., matches "IForgive")
(Jesus) (Jesus) ❌ Error: Variable 'sure' expects a 'Confirm', but got: 'text'.
(Jesus) Yes
(Jesus) (Jesus) What is your age? (Jesus) (double) 18.000000
(Jesus) Qual sua idade? Validation failed: Invalid number: 'seven'
Qual sua idade? Validation failed: Invalid number: 'fourteen'
Qual sua idade? (Jesus) (double) 33.000000
(Jesus) ❌ Error: Error: 'ask' expects a variable of primitive type 'text' as its prompt, but received variable 'PI' of primitive type 'number'.
(Jesus) ❌ Error: Error: 'ask' expects a variable of primitive type 'text' as its prompt, but received variable 'temperature' of primitive type 'number'.
(Jesus) What is your age again (curent: (int) 33)? Validation failed: Invalid number: 'fourty'
What is your age again (curent: (int) 33)? Validation failed: Invalid number: 'eternal'
What is your age again (curent: (int) 33)? (Jesus) (double) 2025.000000
(Jesus) What is your age? (Jesus) What is the new question?
(Jesus) (Jesus) (Jesus) {type: "instance",
 class: "User",
 attributes: { }
}
(Jesus) (Jesus) (Jesus) {type: "instance",
 class: "MultiLineClass",
 attributes: { }
}
(Jesus) igual
(Jesus) (Jesus) (logic) 0
(Jesus) (Jesus) (Jesus) (logic) 1
(Jesus) (logic) 1
(Jesus) (Jesus) (Jesus) {type: "instance",
 class: "Luz",
 attributes: { }
}
(Jesus) (logic) 1
(Jesus) (Jesus) (Jesus) {type: "instance",
 class: "Canção",
 attributes: { }
}
(Jesus) (Jesus) ❌ Error: Undefined variable: wife (scope: __jesus__)
(Jesus) (Jesus) Adam
(Jesus) Eve
(Jesus) (int) 930
(Jesus) {type: "instance",
 class: "Person",
 attributes: {
  age: "(int) 930",
  wife: "Eve",
  name: "Adam"
 }
}
(Jesus) I am inside functionWithoutParams
null
(Jesus) ❌ Error: Missing argument for parameter 'a_'
(Jesus) The new name is: 
(Jesus) Adam
(Jesus) a before
(int) 7
b before
(int) 49
before update b
before update a
a updated
(int) 99
(int) 7
Adam
Adopted by Jesus Christ
(int) 7
(int) 930
null
(Jesus) The new name v2 is: 
(Jesus) Adopted by Jesus Christ
(Jesus) single-quote string
(Jesus) Hi {adam} (single-quoted)
(Jesus) Hi, {type: "instance",
 class: "Person",
 attributes: {
  age: "(int) 930",
  wife: "Eve",
  name: "Adopted by Jesus Christ"
 }
} (double-quoted)
(Jesus) Your name is Adopted by Jesus Christ
(Jesus) ❌ Error: NasaRules: Only simple variables or attribute chains are allowed inside formatted strings. This restriction ensures code clarity and safety, following Object Calisthenics and the 10 NASA rules for maintainable software. Expression rejected: '600 + 60 + 6'.
(Jesus) (Jesus) (Jesus) {type: "instance",
 class: "SonOfMan",
 attributes: { }
}
(Jesus) (int) 33
(Jesus) I am the way, the truth, the life.
null
(Jesus) forgive: seventy times seven
(int) 490
(Jesus) ❌ Error: Type mismatch in method 'promiseA': expected return type '{class: "number"}', but found '{class: "text"}'.
(Jesus) ❌ Error: Unknown expression type (parser.cpp)
(Jesus) (Jesus) La edad es: (int) 33
(Jesus) ❌ Error: Invalid value type 'number' for variable 'ageStr' declared as type text
(Jesus) (Jesus)  Naaman faith count: (int) 1
 Naaman faith count: (int) 2
 Naaman faith count: (int) 3
 Naaman faith count: (int) 4
 Naaman faith count: (int) 5
 Naaman faith count: (int) 6
 Naaman faith count: (int) 7
(Jesus) Twice
Twice
(Jesus) (Jesus) two times
two times
(Jesus) (Jesus) ❌ Error: NasaRule2: repeat times expects an integer variable or attribute, but '_two' is of type text
(Jesus) This should not be printed
(Jesus) ❌ Error: Unknown expression type (parser.cpp)
(Jesus) (Jesus) Decreasing... (int) 2
Decreasing... (int) 1
Decreasing... (int) 0
(Jesus) (Jesus) Even: (int) 4
Odd:  (int) 5
Even: (int) 6
Odd:  (int) 7
Even: (int) 8
Odd:  (int) 9
Even: (int) 10
(Jesus) ❌ Error: Use 'not' for negation instead of '!'.
(Jesus) (logic) 0
(Jesus) ❌ Error: Use 'is not' for inequality instead of '!='.
(Jesus) (logic) 1
(Jesus) ❌ Error: Operator 'mod' not supported for given types
(Jesus) ❌ Error: Use 'mod' for modulo instead of '%'.
(Jesus) (int) 1
(Jesus) (logic) 1
(Jesus) (logic) 0
(Jesus) (logic) 0
(Jesus) (logic) 1
(Jesus) ❌ Error: ❌ Error: Parity checks ('odd'/'even') only support integer types.
(Jesus) (logic) 1
(Jesus) (logic) 1
(Jesus) (Jesus) (logic) 1
(Jesus) (logic) 0
(Jesus) (logic) 0
(Jesus) (logic) 0
(Jesus) (Jesus) (Jesus) (Jesus) (Jesus) (Jesus) (Jesus) (Jesus) (Jesus) (Jesus) (Jesus) Praise the LORD, oh my soul (Abraham Terahson),
null
(Jesus) (Jesus) (Jesus) (Jesus) (Jesus) Praise the LORD, oh my soul (Abraham Abrahamson),
null
(Jesus) ❌ Error: Cannot convert from 'Son' to 'Ishmael' since they share no inheritance.
(Jesus) (Jesus) (Jesus) Bethel (Jacob Isaacson),
null
(Jesus) Jesus
(Jesus) I am Israel, previously named Jacob.
null
(Jesus) (Jesus) (Jesus) Judah is my lion, and my name is Jacob.
null
(Jesus) (Jesus) (Jesus) Judah is my lion, and my name is Jacob.
null
(Jesus) ❌ Error: Cannot convert from 'Parent -> GrandSon' to 'Ishmael' since they share no inheritance.
(Jesus) (Jesus) (Jesus) (Jesus) Comments worked
(Jesus) Special 
 chars 	 working \ here
(Jesus) (Jesus) Inside try-repent.
Pleas forgive my sins, Oh God Almighty.
God always wins.
(Jesus) (Jesus) 15CreateClassStmt
AST Memory: 8 bytes
(Jesus) 