Adam#(int) 930#hidden
null
Adam#(int) 50#hidden
null
Jubileu#(int) 50#hidden
(int) 30
❌ Error: Attribute 'secret' is private and can only be seen by class 'Person'.
❌ Error: 'I'/'my' can only be used inside a method body to refer to the object that method is running on. There is no current object here.
