❌ Error: Multiple values given for argument 'first'.
❌ Error: Undefined variable: dup (scope: __jesus__)
❌ Error: Constructor 'Person' has no parameter named 'evil'.
❌ Error: Undefined variable: unk (scope: __jesus__)
❌ Error: Positional argument cannot follow a named argument in constructor 'Person'.
❌ Error: Undefined variable: pos (scope: __jesus__)
❌ Error: Constructor 'Person' expects 2 parameter(s), but got 1.

Missing parameter(s):
 - years: number
❌ Error: Undefined variable: miss (scope: __jesus__)
John
(int) 49
