❌ Error: Multiple values given for argument 'x'.
❌ Error: Method 'plus' has no parameter named 'evil'.
❌ Error: Positional argument cannot follow a named argument in method 'plus'.
❌ Error: Method 'plus' expects 2 argument(s), but got 1.

Missing parameter(s):
 - y: number
(int) 10
❌ Error: Method 'plus' has no parameter named 'z'.
