(Jesus) (Jesus) (int) 33
(Jesus) (Jesus) (double) 2.500000
(Jesus) (Jesus) (logic) 1
(Jesus) (Jesus) (Jesus) (int) 10
(Jesus) (Jesus) (Jesus) (double) -5.000000
(Jesus) (Jesus) (Jesus) Hello
(Jesus) (Jesus) (Jesus) Adam
(Jesus) (Jesus) Adam
(Jesus) (Jesus) ❌ Error: Unknown class: 'LifeWithoutChrist'. Make sure the class has been declared or imported.
(Jesus) 