(int) 33
(double) 2.500000
(logic) 1
(int) 10
(double) -5.000000
Hello
Adam
Adam
❌ Error: Unknown class: 'LifeWithoutChrist'. Make sure the class has been declared or imported.
(int) 900
❌ Error: Argument 'age' for the 'Human' constructor expects a 'number', but got 'text'.
❌ Error: Undefined variable: bad (scope: __jesus__)
❌ Error: Constructor 'Human' expects 1 parameter(s), but got 0.

Missing parameter(s):
 - age: number
❌ Error: Undefined variable: nogood (scope: __jesus__)
