(Jesus) (Jesus) (Jesus) (Jesus) (Jesus) (Jesus) (int) 33
(Jesus) Jesus
(Jesus) me
(Jesus) (int) 33
(Jesus) adult
(Jesus) (int) 2
(Jesus) (int) 9
(Jesus) (int) 34
(Jesus) (int) 37
(Jesus) (int) 69
(Jesus) (double) 22.000000
(Jesus) (logic) 1
(Jesus) (double) -1.000000
(Jesus) (double) -33.000000
(Jesus) (logic) 0
(Jesus) (logic) 0
(Jesus) (logic) 1
(Jesus) (double) -5.300000
(Jesus) (int) 33
(Jesus) (int) 7
(Jesus) (logic) 0
(Jesus) (int) 0
(Jesus) (int) 7
(Jesus) (int) 33
(Jesus) (int) 0
(Jesus) (int) 0
(Jesus) (int) 33
(Jesus) (int) 32
(Jesus) (int) 1
(Jesus) (Jesus) null
(Jesus) (int) 8
(Jesus) final
(Jesus) (int) 132
(Jesus) adult
(Jesus) (logic) 0
(Jesus) (logic) 1
(Jesus) (logic) 0
(Jesus) (logic) 1
(Jesus) (logic) 0
(Jesus) (logic) 1
(Jesus) (logic) 0
(Jesus) (logic) 0
(Jesus) ❌ Error: Unknown expression type (parser.cpp)
(Jesus) ❌ Error: The variable 'age' already exists.
(Jesus) adult
(Jesus) (int) 2
(Jesus) (int) 9
(Jesus) (int) 34
(Jesus) (int) 37
(Jesus) (int) 69
(Jesus) (int) 99
(Jesus) (int) 0
(Jesus) (int) 32
(Jesus) (int) -32
(Jesus) (double) -1.000000
(Jesus) (double) 32.000000
(Jesus) (double) -1.000000
(Jesus) (int) 132
(Jesus) (double) 16.500000
(Jesus) (double) 11.000000
(Jesus) (double) 23.000000
(Jesus) (double) 22.000000
(Jesus) (logic) 1
(Jesus) (double) -1.000000
(Jesus) (double) -33.000000
(Jesus) (logic) 0
(Jesus) (logic) 0
(Jesus) (logic) 1
(Jesus) (double) -5.300000
(Jesus) (int) 33
(Jesus) (int) 7
(Jesus) (logic) 0
(Jesus) (int) 0
(Jesus) (int) 7
(Jesus) (int) 33
(Jesus) (int) 0
(Jesus) (int) 0
(Jesus) (int) 33
(Jesus) (int) 32
(Jesus) (int) 1
(Jesus) (int) 0
(Jesus) (int) 0
(Jesus) (int) 8
(Jesus) (int) 6
(Jesus) (int) 6
(Jesus) (int) 6
(Jesus) ❌ Error: The variable 'name' already exists.
(Jesus) null
(Jesus) (int) 8
(Jesus) final
(Jesus) (int) 132
(Jesus) adult
(Jesus) ❌ Error: Expected new type name after 'create with_no_type'
(Jesus) ❌ Error: Error: Invalid value value "wrong value" to variable 'count' declared as type number
(Jesus) (Jesus) ❌ Error: Undefined variable: count
(Jesus) (int) 1
(Jesus) (Jesus) (int) 0
(Jesus) ❌ Error: Error: Invalid value value "(double) 3.140000" to variable 'PI' declared as type number
(Jesus) ❌ Error: Undefined variable: PI
(Jesus) ❌ Error: Error: Invalid value value "(double) -6.000000" to variable 'temperature' declared as type number
(Jesus) ❌ Error: Undefined variable: temperature
(Jesus) ❌ Error: Unknown base type: 'positive'
(Jesus) ❌ Error: Undefined variable: elders
(Jesus) ❌ Error: Unknown base type: 'positive'
(Jesus) ❌ Error: Undefined variable: sinful
(Jesus) ❌ Error: Unknown base type: 'negative'
(Jesus) ❌ Error: Undefined variable: debt
(Jesus) ❌ Error: Unknown base type: 'negative'
(Jesus) ❌ Error: Undefined variable: credit
(Jesus) ❌ Error: Unknown base type: 'negative'
(Jesus) ❌ Error: Undefined variable: void
(Jesus) (Jesus) (int) 7
(Jesus) ❌ Error: Error: Invalid value value "(double) -13.000000" to variable 'darkness' declared as type natural
(Jesus) ❌ Error: Undefined variable: darkness
(Jesus) (Jesus) (double) 0.333000
(Jesus) ❌ Error: Error: Invalid value value "(double) -0.333000" to variable 'fallen_wise' declared as type percentage
(Jesus) ❌ Error: Undefined variable: fallen_wise
(Jesus) (Jesus) ❌ Error: Error: Invalid value value "(int) 101" to variable 'sheep' declared as type percentage
(Jesus) (int) 100
(Jesus) (Jesus) 
(Jesus) (Jesus) Jesus
(Jesus) (Jesus) Sinful wise
(Jesus) ❌ Error: Error: Invalid value value "(int) 6" to variable 'confusion' declared as type phrase
(Jesus) ❌ Error: Undefined variable: confusion
(Jesus) (Jesus) God does not see
(Jesus) (Jesus) 
(Jesus) ❌ Error: Error: Invalid value value "(int) 13" to variable 'rebellion' declared as type text
(Jesus) ❌ Error: Undefined variable: rebellion
(Jesus) ❌ Error: Unknown base type: 'car'
(Jesus) ❌ Error: Undefined variable: hilux
(Jesus) (Jesus) (int) 490
(Jesus) (Jesus) Jesus loves YOU
(Jesus) ❌ Error: The variable 'age' already exists.
(Jesus) (Jesus) ❌ Error: Expected value > (double) 0.000000
(Jesus) ❌ Error: Undefined variable: abc
(Jesus) (Jesus) (int) 9
(Jesus) (Jesus) (Jesus) (double) -6.000000
(Jesus) ❌ Error: Expected value < (double) 0.000000
(Jesus) (Jesus) (Jesus) (int) 7
(Jesus) ❌ Error: Expected value >= (double) 7.000000
(Jesus) (Jesus) (Jesus) ❌ Error: Expected value <= (double) 12.000000
(Jesus) (int) 12
(Jesus) (Jesus) (Jesus) ❌ Error: Value "no" does not match expected pattern.
(Jesus) Yes
(Jesus) (Jesus) What is your age? (Jesus) (double) 18.000000
(Jesus) Qual sua idade? Validation failed: Invalid number: 'seven'
Qual sua idade? Validation failed: Invalid number: 'fourteen'
Qual sua idade? (Jesus) (double) 33.000000
(Jesus) ❌ Error: Variable 'PI' not found. Are you really sure it was declared?
(Jesus) ❌ Error: Variable 'temperature' not found. Are you really sure it was declared?
(Jesus) What is your age again? Validation failed: Invalid number: 'fourty'
What is your age again? Validation failed: Invalid number: 'eternal'
What is your age again? (Jesus) (double) 2025.000000
(Jesus) What is your age? (Jesus) What is the new question?
(Jesus) (Jesus) (Jesus) (int) 1
(Jesus) 