(int) 24
CreateVarStmt(sum, LiteralExpr((int) 0))
RepeatWhileStmt(condition: BinaryExpr(operator: <, left: VariableExpr('sum'), right: LiteralExpr((int) 20)), body: [
  UpdateVarStmt('sum', value: BinaryExpr(operator: +, left: VariableExpr('sum'), right: LiteralExpr((int) 6)))])
SayStmt(VariableExpr('sum'))
