1
2
3
4
5
6
7
1
2
3
4
5
6
7
SayStmt(LiteralExpr(1))
SayStmt(LiteralExpr(2))
SayStmt(LiteralExpr(3))
SayStmt(LiteralExpr(4))
SayStmt(LiteralExpr(5))
SayStmt(LiteralExpr(6))
SayStmt(LiteralExpr(7))
SayStmt(LiteralExpr(1))
SayStmt(LiteralExpr(2))
SayStmt(LiteralExpr(3))
SayStmt(LiteralExpr(4))
SayStmt(LiteralExpr(5))
SayStmt(LiteralExpr(6))
SayStmt(LiteralExpr(7))
